// Jest Snapshot v1, https://goo.gl/fbAQLP

exports[`Enzyme Calculator should render app 1`] = `ShallowWrapper {}`;
